[libreria.vercel.app/index.html]
[backblue.gif]
[fade.gif]
[index.html]
[libreria.vercel.app/favicon.ico]
[libreria.vercel.app/_next/static/css/9d299ae2c287d7440baf.css]
[libreria.vercel.app/_next/static/css/7ef2d2f86e5bff7b9b50.css]
[libreria.vercel.app/_next/static/chunks/main-dbec1086a4d31e47928e.js]
[libreria.vercel.app/_next/static/chunks/webpack-e067438c4cf4ef2ef178.js]
[libreria.vercel.app/_next/static/chunks/framework.9ec1f7868b3e9d138cdd.js]
[libreria.vercel.app/_next/static/chunks/05d954cf.696d6e4fdfc6f7e43982.js]
[libreria.vercel.app/_next/static/chunks/commons.4b4051bd9b58d946cb2f.js]
[libreria.vercel.app/_next/static/chunks/95bb26539b6ab06a604afe5fcbe136aeb915b968.078d9e2203ce26e3e561.js]
[libreria.vercel.app/_next/static/chunks/e765e5f383b03d335b78c7382909817ed7d45220.37f2b9749902e96c9767.js]
[libreria.vercel.app/_next/static/chunks/pages/_app-84a81c1db289aa7b15d0.js]
[libreria.vercel.app/_next/static/chunks/pages/index-a9306ea736a749ceea18.js]
[libreria.vercel.app/recommend]
[libreria.vercel.app/sara.jpg]
[libreria.vercel.app/books/sara.html]
[libreria.vercel.app/arte.jpg]
[libreria.vercel.app/books/suntzu.html]
[libreria.vercel.app/principito.jpg]
[libreria.vercel.app/books/principito.html]
[libreria.vercel.app/maestria.jpg]
[libreria.vercel.app/books/mastery.html]
[libreria.vercel.app/coronel.jpg]
[libreria.vercel.app/books/coronel.html]
[libreria.vercel.app/poderahora.jpeg]
[libreria.vercel.app/books/ahora.html]
[libreria.vercel.app/poder.png]
[libreria.vercel.app/books/48.html]
[libreria.vercel.app/84.jpeg]
[libreria.vercel.app/books/1984.html]
[libreria.vercel.app/_next/static/chunks/polyfills-4beebf4ac9054f0bf4e6.js]
[libreria.vercel.app/_next/static/V3PWgb9gwiExYEmbETYRH/_buildManifest.js]
[libreria.vercel.app/_next/static/V3PWgb9gwiExYEmbETYRH/_ssgManifest.js]
[libreria.vercel.app/index.html]
[libreria.vercel.app/_next/static/css/9d299ae2c287d7440baf.css]
[libreria.vercel.app/_next/static/css/7ef2d2f86e5bff7b9b50.css]
[libreria.vercel.app/_next/static/css/d2af416356ad5e26600a.css]
[libreria.vercel.app/recommend]
[libreria.vercel.app/_next/static/chunks/pages/recommend-d55ef0b0b733ab8b9e2d.js]
[og-image.now.sh/Libreriac132.png]
[libreria.vercel.app/_next/static/css/02a76b19e00b15d2aa9a.css]
[libreria.vercel.app/_next/static/chunks/pages/books/[id]-018662827cff85e805df.js]
[libreria.vercel.app/saramago.jpg]
[libreria.vercel.app/books/sara.html]
[libreria.vercel.app/sun.jpg]
[libreria.vercel.app/books/suntzu.html]
[libreria.vercel.app/antonie.jpg]
[libreria.vercel.app/books/principito.html]
[libreria.vercel.app/robertgreene.png]
[libreria.vercel.app/books/mastery.html]
[libreria.vercel.app/gabriel.jpg]
[libreria.vercel.app/books/coronel.html]
[libreria.vercel.app/tolle.jpg]
[libreria.vercel.app/books/ahora.html]
[libreria.vercel.app/books/48.html]
[libreria.vercel.app/george.jpg]
[libreria.vercel.app/books/1984.html]
[libreria.vercel.app/_next/static/css/d2af416356ad5e26600a.css]
[libreria.vercel.app/_next/static/css/02a76b19e00b15d2aa9a.css]
